// Jest Snapshot v1, https://goo.gl/fbAQLP

exports[`<ProductCard /> <ProductPrice /> should take the props and render them correctly 1`] = `
<View
  accessible={true}
  collapsable={false}
  focusable={true}
  nativeID="animatedComponent"
  onClick={[Function]}
  onResponderGrant={[Function]}
  onResponderMove={[Function]}
  onResponderRelease={[Function]}
  onResponderTerminate={[Function]}
  onResponderTerminationRequest={[Function]}
  onStartShouldSetResponder={[Function]}
  style={
    Object {
      "opacity": 1,
    }
  }
>
  <View
    style={
      Object {
        "alignItems": "center",
        "margin": 10,
      }
    }
  >
    <Image
      resizeMode="contain"
      source={
        Object {
          "uri": "https://www.image.com/someimage.png",
        }
      }
      style={
        Array [
          Object {
            "marginBottom": 10,
          },
          Object {
            "height": 937.5,
            "width": 730,
          },
        ]
      }
      testID="productCardImage"
    />
    <Text>
      Black Dress
    </Text>
    <Text
      testID=""
    >
      Â£
      10.00
    </Text>
    <View
      accessible={true}
      collapsable={false}
      focusable={true}
      onBlur={[Function]}
      onClick={[Function]}
      onFocus={[Function]}
      onResponderGrant={[Function]}
      onResponderMove={[Function]}
      onResponderRelease={[Function]}
      onResponderTerminate={[Function]}
      onResponderTerminationRequest={[Function]}
      onStartShouldSetResponder={[Function]}
      style={
        Object {
          "alignItems": "center",
          "backgroundColor": "white",
          "borderColor": "black",
          "borderWidth": 1,
          "margin": 5,
          "padding": 10,
        }
      }
    >
      <Text>
        My Button Text
      </Text>
    </View>
  </View>
</View>
`;
