// Jest Snapshot v1, https://goo.gl/fbAQLP

exports[`<Loading /> should render the element correctly 1`] = `
<View>
  <Text>
    Loading
  </Text>
</View>
`;
